---
source: tests/acceptance_tests.rs
expression: output
---
thread 'main' panicked at 'Can't', src/lib.rs:33:5
